
fun Int main() {
Bool a;
a = true;
if (a)
{
print("Bool works");
}
return 0;
}
