
fun Int main() {
Bool a;
(Bool : a = (Bool : true));
if ((Bool : a))
{
(* : print((String : Bool works)));
}
return (Int : 0);
}
