
fun Int main() {
Edge<Int->*> a = -5->;
return 0;
}
