
fun Int main() {
Edge<Int->Void> (Edge<Int->Void> : a = (Edge<Int->Void> : -(Int : 5)->));
return (Int : 0);
}
