
fun Int main() {
Edge<Int> a;
a = _4_<;
return 0;
}
