
fun Int main() {
List<Int> a;
a = [];
return 0;
}
