
fun Int main() {
List<Int> a;
(List<Int> : a = (List<*> : []));
return (Int : 0);
}
