
fun Int main() {
Int a;
Int b;
(Int : a = (Int : 4));
(Int : b = (Int : 1000));
(* : print((Int : foo((Int : a)))));
(* : print((Int : bar((Int : b), (Int : a)))));
}

fun Int bar(a, b) {
return (Int : (Int : a) * (Int : b));
}

fun Int foo(a) {
return (Int : (Int : a) + (Int : 5));
}
