././scripts/test: line 11: ././tests/get_char: No such file or directory
