
fun Int main() {
String a;
a = "applejacks";
print(a[5]);
return 0;
}
