Fatal error: exception Failure("Unimplemented")
'main' function not found in module.
