
fun Int main() {
Graph<Node<Int>, Edge<Int>> a;
Node<Int> b;
b = '3';
a = <<b -4- '5' , b -10- '6' >>;
return 0;
}
