
fun Int main() {
Graph<Node<Int>, Edge<Int>> a;
(Graph<Node<Int>, Edge<Int>> : a = (Graph<Node<Int>, Edge<Int>> : <(Node<Int> : '(Int : 3)') (Edge<Int> : _(Int : 3)_<) (Node<Int> : '(Int : 4)') (Void : )>));
return (Int : 0);
}
