
Int main()
{
(Void : prints((String : Hello World!)));
}
