Fatal error: exception Failure("unrecognized function main")
'main' function not found in module.
