Fatal error: exception Failure("illegal assignment Int = Node<Int> in a = b")
