././scripts/test: line 11: ././tests/inline-semantics: No such file or directory
