
Int main()
{
Int b = (Void : )return (Int : 0);
}
