././scripts/test: line 11: ././tests/inline-declarations: No such file or directory
