
fun Int main() {
List<Edge<String->Void>> a;
Edge<String->Void> b = -"hi"-;
a = [b];
print(size(a));
return 0;
}
