
fun Int main() {
List<Edge<String->*>> a;
Edge<String->*> (Edge<String->*> : b = (Edge<String->*> : -(String : hi)-));
(List<Edge<String->*>> : a = (List<Edge<String->*>> : [(Edge<String->*> : b)]));
(* : print((Int : size((List<Edge<String->*>> : a)))));
return (Int : 0);
}
