
Int main()
{
List<String> b = b = [hi, hello, hello?, bye];
prints(list_get_str(0, b));
return 0;
}
