
fun Int main() {
List<String> b;
(List<String> : b = (List<String> : [(String : hi),(String : hello),(String : hello?),(String : bye)]));
(* : prints((String : (List<String> : b)[(Int : 0)])));
return (Int : 0);
}
