././scripts/test: line 11: ././tests/list-size: No such file or directory
