
fun Int main() {
Node<Int> a;
a = '3';
return 0;
}
