
fun Int main() {
Int (Int : a = (Int : 3));
Node<Int> (Node<Int> : b = (Node<Int> : '(Int : a)'));
}
