
fun Int main() {
Int a = 3;
Node<Int> b = 'a';
}
