
fun Int main() {
Int (Int : a = (Int : 3));
Node<Int> (Node<Int> : b = (Node<Int> : '(Int : a)'));
Edge<String->*> (Edge<String->*> : e = (Edge<String->*> : -(String : WASSUP)-));
(* : print((Int : (Node<Int> : b).val)));
(* : prints((String : (Edge<String->*> : e).val)));
return (Int : 0);
}
