
fun Int main() {
Int a = 3;
Node<Int> b = 'a';
Edge<String->Void> e = -"WASSUP"-;
print(b.val);
prints(e.val);
return 0;
}
