././scripts/test: line 11: ././tests/str_size: No such file or directory
