
fun Int main() {
String a;
a = "applejacks";
print(str_size(a));
return 0;
}
