
fun Int main() {
String a;
(String : a = (String : applejacks));
(Void : print((Int : str_size((String : a)))));
return (Int : 0);
}
